MPLINK 4.49, Linker
Linker Map File - Created Tue Jul 31 15:30:20 2018

                                 Section Info
                  Section       Type    Address   Location Size(Bytes)
                ---------  ---------  ---------  ---------  ---------
                   .org_0       code   0x000000    program   0x000000
                   .org_1       code   0x000000    program   0x000006
                   .org_2       code   0x000004    program   0x0003ae
                   .org_3       code   0x002100    program   0x000008



                              Program Memory Usage 
                               Start         End      
                           ---------   ---------      
                            0x000000    0x000002      
                            0x000004    0x0001da      
                            0x002100    0x002103      
            478 out of 2183 program addresses used, program memory utilization is 21%



                              Symbols - Sorted by Name
                     Name    Address   Location    Storage File                     
                ---------  ---------  ---------  --------- ---------                
             EE_Read_Data   0x0001ce    program     static D:\dokumentumok.tomi\programozas\Matrix\matrix4-pwm-sw\main.asm
          EE_VERSION_ADDR   0x002100    program     static D:\dokumentumok.tomi\programozas\Matrix\matrix4-pwm-sw\main.asm
                      ISR   0x000004    program     static D:\dokumentumok.tomi\programozas\Matrix\matrix4-pwm-sw\main.asm
                 IT_USART   0x000018    program     static D:\dokumentumok.tomi\programozas\Matrix\matrix4-pwm-sw\main.asm
         Init_PWM_Control   0x000037    program     static D:\dokumentumok.tomi\programozas\Matrix\matrix4-pwm-sw\PWM.asm
                Main_Loop   0x0001b9    program     static D:\dokumentumok.tomi\programozas\Matrix\matrix4-pwm-sw\main.asm
            Main_Loop_end   0x0001c9    program     static D:\dokumentumok.tomi\programozas\Matrix\matrix4-pwm-sw\main.asm
              PWM_Control   0x000072    program     static D:\dokumentumok.tomi\programozas\Matrix\matrix4-pwm-sw\PWM.asm
           PWM_Szin_Table   0x000025    program     static D:\dokumentumok.tomi\programozas\Matrix\matrix4-pwm-sw\main.asm
              Start_Reset   0x000196    program     static D:\dokumentumok.tomi\programozas\Matrix\matrix4-pwm-sw\main.asm
               USART_Init   0x0000e0    program     static D:\dokumentumok.tomi\programozas\Matrix\matrix4-pwm-sw\usart.asm
             USART_Mode_0   0x00011d    program     static D:\dokumentumok.tomi\programozas\Matrix\matrix4-pwm-sw\usart.asm
             USART_Mode_1   0x000125    program     static D:\dokumentumok.tomi\programozas\Matrix\matrix4-pwm-sw\usart.asm
     USART_Mode_1_Fenyero   0x000132    program     static D:\dokumentumok.tomi\programozas\Matrix\matrix4-pwm-sw\usart.asm
    USART_Mode_1_ToConfig   0x00012e    program     static D:\dokumentumok.tomi\programozas\Matrix\matrix4-pwm-sw\usart.asm
             USART_Mode_2   0x000143    program     static D:\dokumentumok.tomi\programozas\Matrix\matrix4-pwm-sw\usart.asm
         USART_Mode_2_To1   0x000154    program     static D:\dokumentumok.tomi\programozas\Matrix\matrix4-pwm-sw\usart.asm
 USART_Mode_2_UPWMI_cycle   0x00015a    program     static D:\dokumentumok.tomi\programozas\Matrix\matrix4-pwm-sw\usart.asm
USART_Mode_2_UpdatePWMIntervals   0x000158    program     static D:\dokumentumok.tomi\programozas\Matrix\matrix4-pwm-sw\usart.asm
               USART_Recv   0x000102    program     static D:\dokumentumok.tomi\programozas\Matrix\matrix4-pwm-sw\usart.asm
         USART_Recv_Modes   0x00010f    program     static D:\dokumentumok.tomi\programozas\Matrix\matrix4-pwm-sw\usart.asm
               USART_Task   0x00016e    program     static D:\dokumentumok.tomi\programozas\Matrix\matrix4-pwm-sw\usart.asm
           USART_Task_Ack   0x000191    program     static D:\dokumentumok.tomi\programozas\Matrix\matrix4-pwm-sw\usart.asm
           USART_Task_Ver   0x000175    program     static D:\dokumentumok.tomi\programozas\Matrix\matrix4-pwm-sw\usart.asm
          USART_Task_Ver1   0x00017b    program     static D:\dokumentumok.tomi\programozas\Matrix\matrix4-pwm-sw\usart.asm
          USART_Task_Ver2   0x000182    program     static D:\dokumentumok.tomi\programozas\Matrix\matrix4-pwm-sw\usart.asm
          USART_Task_Ver3   0x000189    program     static D:\dokumentumok.tomi\programozas\Matrix\matrix4-pwm-sw\usart.asm



                              Symbols - Sorted by Address
                     Name    Address   Location    Storage File                     
                ---------  ---------  ---------  --------- ---------                
                      ISR   0x000004    program     static D:\dokumentumok.tomi\programozas\Matrix\matrix4-pwm-sw\main.asm
                 IT_USART   0x000018    program     static D:\dokumentumok.tomi\programozas\Matrix\matrix4-pwm-sw\main.asm
           PWM_Szin_Table   0x000025    program     static D:\dokumentumok.tomi\programozas\Matrix\matrix4-pwm-sw\main.asm
         Init_PWM_Control   0x000037    program     static D:\dokumentumok.tomi\programozas\Matrix\matrix4-pwm-sw\PWM.asm
              PWM_Control   0x000072    program     static D:\dokumentumok.tomi\programozas\Matrix\matrix4-pwm-sw\PWM.asm
               USART_Init   0x0000e0    program     static D:\dokumentumok.tomi\programozas\Matrix\matrix4-pwm-sw\usart.asm
               USART_Recv   0x000102    program     static D:\dokumentumok.tomi\programozas\Matrix\matrix4-pwm-sw\usart.asm
         USART_Recv_Modes   0x00010f    program     static D:\dokumentumok.tomi\programozas\Matrix\matrix4-pwm-sw\usart.asm
             USART_Mode_0   0x00011d    program     static D:\dokumentumok.tomi\programozas\Matrix\matrix4-pwm-sw\usart.asm
             USART_Mode_1   0x000125    program     static D:\dokumentumok.tomi\programozas\Matrix\matrix4-pwm-sw\usart.asm
    USART_Mode_1_ToConfig   0x00012e    program     static D:\dokumentumok.tomi\programozas\Matrix\matrix4-pwm-sw\usart.asm
     USART_Mode_1_Fenyero   0x000132    program     static D:\dokumentumok.tomi\programozas\Matrix\matrix4-pwm-sw\usart.asm
             USART_Mode_2   0x000143    program     static D:\dokumentumok.tomi\programozas\Matrix\matrix4-pwm-sw\usart.asm
         USART_Mode_2_To1   0x000154    program     static D:\dokumentumok.tomi\programozas\Matrix\matrix4-pwm-sw\usart.asm
USART_Mode_2_UpdatePWMIntervals   0x000158    program     static D:\dokumentumok.tomi\programozas\Matrix\matrix4-pwm-sw\usart.asm
 USART_Mode_2_UPWMI_cycle   0x00015a    program     static D:\dokumentumok.tomi\programozas\Matrix\matrix4-pwm-sw\usart.asm
               USART_Task   0x00016e    program     static D:\dokumentumok.tomi\programozas\Matrix\matrix4-pwm-sw\usart.asm
           USART_Task_Ver   0x000175    program     static D:\dokumentumok.tomi\programozas\Matrix\matrix4-pwm-sw\usart.asm
          USART_Task_Ver1   0x00017b    program     static D:\dokumentumok.tomi\programozas\Matrix\matrix4-pwm-sw\usart.asm
          USART_Task_Ver2   0x000182    program     static D:\dokumentumok.tomi\programozas\Matrix\matrix4-pwm-sw\usart.asm
          USART_Task_Ver3   0x000189    program     static D:\dokumentumok.tomi\programozas\Matrix\matrix4-pwm-sw\usart.asm
           USART_Task_Ack   0x000191    program     static D:\dokumentumok.tomi\programozas\Matrix\matrix4-pwm-sw\usart.asm
              Start_Reset   0x000196    program     static D:\dokumentumok.tomi\programozas\Matrix\matrix4-pwm-sw\main.asm
                Main_Loop   0x0001b9    program     static D:\dokumentumok.tomi\programozas\Matrix\matrix4-pwm-sw\main.asm
            Main_Loop_end   0x0001c9    program     static D:\dokumentumok.tomi\programozas\Matrix\matrix4-pwm-sw\main.asm
             EE_Read_Data   0x0001ce    program     static D:\dokumentumok.tomi\programozas\Matrix\matrix4-pwm-sw\main.asm
          EE_VERSION_ADDR   0x002100    program     static D:\dokumentumok.tomi\programozas\Matrix\matrix4-pwm-sw\main.asm


